cat: 1, 3
dog: 2
happy: 3
in: 2
on: 1
roof: 1
yard: 2
